
optiboot_atmega8.elf:     file format elf32-avr

Sections:
Idx Name          Size      VMA       LMA       File off  Algn
  0 .text         000001d6  00001e00  00001e00  00000074  2**1
                  CONTENTS, ALLOC, LOAD, READONLY, CODE
  1 .version      00000002  00001ffe  00001ffe  0000024a  2**0
                  CONTENTS, ALLOC, LOAD, READONLY, DATA
  2 .data         00000000  00800060  00800060  0000024c  2**0
                  CONTENTS, ALLOC, LOAD, DATA
  3 .comment      00000011  00000000  00000000  0000024c  2**0
                  CONTENTS, READONLY
  4 .debug_aranges 00000030  00000000  00000000  0000025d  2**0
                  CONTENTS, READONLY, DEBUGGING
  5 .debug_info   000005f1  00000000  00000000  0000028d  2**0
                  CONTENTS, READONLY, DEBUGGING
  6 .debug_abbrev 00000295  00000000  00000000  0000087e  2**0
                  CONTENTS, READONLY, DEBUGGING
  7 .debug_line   000003b2  00000000  00000000  00000b13  2**0
                  CONTENTS, READONLY, DEBUGGING
  8 .debug_frame  0000009c  00000000  00000000  00000ec8  2**2
                  CONTENTS, READONLY, DEBUGGING
  9 .debug_str    000001f9  00000000  00000000  00000f64  2**0
                  CONTENTS, READONLY, DEBUGGING
 10 .debug_loc    000002cf  00000000  00000000  0000115d  2**0
                  CONTENTS, READONLY, DEBUGGING
 11 .debug_ranges 00000068  00000000  00000000  0000142c  2**0
                  CONTENTS, READONLY, DEBUGGING

Disassembly of section .text:

00001e00 <pre_main>:
/* everything that needs to run VERY early */
void pre_main(void) {
  // Allow convenient way of calling do_spm function - jump table,
  //   so entry to this function will always be here, indepedent of compilation,
  //   features etc
  asm volatile (
    1e00:	01 c0       	rjmp	.+2      	; 0x1e04 <main>
    1e02:	d9 c0       	rjmp	.+434    	; 0x1fb6 <do_spm>

00001e04 <main>:
  //  SP points to RAMEND
  //  r1 contains zero
  //
  // If not, uncomment the following instructions:
  // cli();
  asm volatile ("clr __zero_reg__");
    1e04:	11 24       	eor	r1, r1

#if defined(__AVR_ATmega8__) || defined(__AVR_ATmega8515__) ||		\
    defined(__AVR_ATmega8535__) || defined (__AVR_ATmega16__) || 	\
    defined (__AVR_ATmega32__) || defined (__AVR_ATmega64__)  ||	\
    defined (__AVR_ATmega128__) || defined (__AVR_ATmega162__)
  SP=RAMEND;  // This is done by hardware reset
    1e06:	8f e5       	ldi	r24, 0x5F	; 95
    1e08:	94 e0       	ldi	r25, 0x04	; 4
    1e0a:	9e bf       	out	0x3e, r25	; 62
    1e0c:	8d bf       	out	0x3d, r24	; 61
#if defined(__AVR_ATmega8515__) || defined(__AVR_ATmega8535__) ||	\
    defined(__AVR_ATmega16__)   || defined(__AVR_ATmega162__) ||	\
    defined (__AVR_ATmega128__)
  ch = MCUCSR;
#else
  ch = MCUSR;
    1e0e:	84 b7       	in	r24, 0x34	; 52
#endif
  // Skip all logic and run bootloader if MCUSR is cleared (application request)
  if (ch != 0) {
    1e10:	88 23       	and	r24, r24
    1e12:	61 f0       	breq	.+24     	; 0x1e2c <main+0x28>
       *  2. we clear WDRF if it's set with EXTRF to avoid loops
       * One problematic scenario: broken application code sets watchdog timer 
       * without clearing MCUSR before and triggers it quickly. But it's
       * recoverable by power-on with pushed reset button.
       */
      if ((ch & (_BV(WDRF) | _BV(EXTRF))) != _BV(EXTRF)) { 
    1e14:	98 2f       	mov	r25, r24
    1e16:	9a 70       	andi	r25, 0x0A	; 10
    1e18:	92 30       	cpi	r25, 0x02	; 2
    1e1a:	41 f0       	breq	.+16     	; 0x1e2c <main+0x28>
	  if (ch & _BV(EXTRF)) {
    1e1c:	81 ff       	sbrs	r24, 1
    1e1e:	02 c0       	rjmp	.+4      	; 0x1e24 <main+0x20>
    defined(__AVR_ATmega16__)   || defined(__AVR_ATmega162__) ||	\
    defined(__AVR_ATmega128__)
               // Fix missing definitions in avr-libc
	      MCUCSR = ~(_BV(WDRF));
#else
	      MCUSR = ~(_BV(WDRF));
    1e20:	97 ef       	ldi	r25, 0xF7	; 247
    1e22:	94 bf       	out	0x34, r25	; 52
	  /* 
	   * save the reset flags in the designated register
	   * This can be saved in a main program by putting code in .init0 (which
	   * executes before normal c init code) to save R2 to a global variable.
	   */
	  __asm__ __volatile__ ("mov r2, %0\n" :: "r" (ch));
    1e24:	28 2e       	mov	r2, r24

	  // switch off watchdog
	  watchdogConfig(WATCHDOG_OFF);
    1e26:	80 e0       	ldi	r24, 0x00	; 0
    1e28:	b3 d0       	rcall	.+358    	; 0x1f90 <watchdogConfig>
	  // Note that appstart_vec is defined so that this works with either
	  // real or virtual boot partitions.
	   __asm__ __volatile__ (
    1e2a:	ea c0       	rjmp	.+468    	; 0x2000 <__TEXT_REGION_LENGTH__>
#elif defined(__AVR_ATtiny25__)||defined(__AVR_ATtiny45__)||defined(__AVR_ATtiny85__)
  TCCR1 = 0x0E; //div 8196 - it's an 8-bit timer. 
#elif defined(__AVR_ATtiny43__)
  #error "LED flash for Tiny43 not yet supported"
#else
  TCCR1B = _BV(CS12) | _BV(CS10); // div 1024
    1e2c:	85 e0       	ldi	r24, 0x05	; 5
    1e2e:	8e bd       	out	0x2e, r24	; 46
#ifndef SOFT_UART
  #if defined(__AVR_ATmega8__) || defined (__AVR_ATmega8515__) ||	\
      defined (__AVR_ATmega8535__) || defined (__AVR_ATmega16__) ||	\
      defined (__AVR_ATmega32__)
  #ifndef SINGLESPEED
  UCSRA = _BV(U2X); //Double speed mode USART
    1e30:	82 e0       	ldi	r24, 0x02	; 2
    1e32:	8b b9       	out	0x0b, r24	; 11
  #endif //singlespeed
  UCSRB = _BV(RXEN) | _BV(TXEN);  // enable Rx & Tx
    1e34:	88 e1       	ldi	r24, 0x18	; 24
    1e36:	8a b9       	out	0x0a, r24	; 10
  UCSRC = _BV(URSEL) | _BV(UCSZ1) | _BV(UCSZ0);  // config USART; 8N1
    1e38:	86 e8       	ldi	r24, 0x86	; 134
    1e3a:	80 bd       	out	0x20, r24	; 32
  UBRRL = (uint8_t)BAUD_SETTING;
    1e3c:	8f e0       	ldi	r24, 0x0F	; 15
    1e3e:	89 b9       	out	0x09, r24	; 9
    #endif // LIN_UART
  #endif // mega8/etc
#endif // soft_uart

  // Set up watchdog to trigger after 1s
  watchdogConfig(WATCHDOG_1S);
    1e40:	8e e0       	ldi	r24, 0x0E	; 14
    1e42:	a6 d0       	rcall	.+332    	; 0x1f90 <watchdogConfig>

#if (LED_START_FLASHES > 0) || defined(LED_DATA_FLASH) || defined(LED_START_ON)
  /* Set LED pin as output */
  LED_DDR |= _BV(LED);
    1e44:	bd 9a       	sbi	0x17, 5	; 23
    1e46:	86 e0       	ldi	r24, 0x06	; 6
    	TIFR = _BV(TOV1);
    	while(!(TIFR & _BV(TOV1)));
	#elif defined(__AVR_ATtiny43__)
  		#error "LED flash for Tiny43 not yet supported"
	#else
  		TCNT1 = -(F_CPU/(1024*16));
    1e48:	24 ed       	ldi	r18, 0xD4	; 212
    1e4a:	3e ef       	ldi	r19, 0xFE	; 254
    	TIFR1 = _BV(TOV1);
    1e4c:	44 e0       	ldi	r20, 0x04	; 4
    
#if defined(__AVR_ATmega8__)    || defined(__AVR_ATmega8515__) ||	\
    defined(__AVR_ATmega8535__) || defined(__AVR_ATmega16__)   ||	\
    defined(__AVR_ATmega162__)  || defined(__AVR_ATmega32__)   ||	\
    defined(__AVR_ATmega64__)   || defined(__AVR_ATmega128__)
    LED_PORT ^= _BV(LED);
    1e4e:	50 e2       	ldi	r21, 0x20	; 32
    	TIFR = _BV(TOV1);
    	while(!(TIFR & _BV(TOV1)));
	#elif defined(__AVR_ATtiny43__)
  		#error "LED flash for Tiny43 not yet supported"
	#else
  		TCNT1 = -(F_CPU/(1024*16));
    1e50:	3d bd       	out	0x2d, r19	; 45
    1e52:	2c bd       	out	0x2c, r18	; 44
    	TIFR1 = _BV(TOV1);
    1e54:	48 bf       	out	0x38, r20	; 56
    	while(!(TIFR1 & _BV(TOV1)));
    1e56:	08 b6       	in	r0, 0x38	; 56
    1e58:	02 fe       	sbrs	r0, 2
    1e5a:	fd cf       	rjmp	.-6      	; 0x1e56 <main+0x52>
    
#if defined(__AVR_ATmega8__)    || defined(__AVR_ATmega8515__) ||	\
    defined(__AVR_ATmega8535__) || defined(__AVR_ATmega16__)   ||	\
    defined(__AVR_ATmega162__)  || defined(__AVR_ATmega32__)   ||	\
    defined(__AVR_ATmega64__)   || defined(__AVR_ATmega128__)
    LED_PORT ^= _BV(LED);
    1e5c:	98 b3       	in	r25, 0x18	; 24
    1e5e:	95 27       	eor	r25, r21
    1e60:	98 bb       	out	0x18, r25	; 24
}
#endif

// Watchdog functions. These are only safe with interrupts turned off.
void watchdogReset() {
  __asm__ __volatile__ (
    1e62:	a8 95       	wdr
     *  by the UART hardware, avrdude sends several attempts in rather
     *  quick succession, some of which will be lost and cause us to
     *  get out of sync.  So if we see any data; stop blinking.
     */
#ifndef LIN_UART
    if (UART_SRA & _BV(RXC0))
    1e64:	5f 99       	sbic	0x0b, 7	; 11
    1e66:	02 c0       	rjmp	.+4      	; 0x1e6c <main+0x68>
    1e68:	81 50       	subi	r24, 0x01	; 1
#else
// This doesn't seem to work?
//    if ((UART_PIN & (1<<UART_RX_BIT)) == 0)
//	break;  // detect start bit on soft uart too.
#endif
  } while (--count);
    1e6a:	91 f7       	brne	.-28     	; 0x1e50 <main+0x4c>
	     * and we needed the space back.
	     */
#ifdef FOURPAGEERASE
	    if ((address.bytes[0] & ((SPM_PAGESIZE<<2)-1))==0) {
#endif
	    __boot_page_erase_short(address.word);
    1e6c:	23 e0       	ldi	r18, 0x03	; 3
    1e6e:	e2 2e       	mov	r14, r18

	    /*
	     * Copy data from the buffer into the flash write buffer.
	     */
	    do {
		__boot_page_fill_short((uint16_t)(void*)addrPtr, *(mybuff.wptr++));
    1e70:	dd 24       	eor	r13, r13
    1e72:	d3 94       	inc	r13
	    } while (len -= 2);

	    /*
	     * Actually Write the buffer to flash (and wait for it to finish.)
	     */
	    __boot_page_write_short(address.word);
    1e74:	35 e0       	ldi	r19, 0x05	; 5
    1e76:	c3 2e       	mov	r12, r19
	    boot_spm_busy_wait();
#if defined(RWWSRE)
	    // Reenable read access to flash
	    __boot_rww_enable_short();
    1e78:	41 e1       	ldi	r20, 0x11	; 17
    1e7a:	b4 2e       	mov	r11, r20
#endif

  /* Forever loop: exits by causing WDT reset */
  for (;;) {
    /* get character from UART */
    ch = getch();
    1e7c:	82 d0       	rcall	.+260    	; 0x1f82 <getch>

    if(ch == STK_GET_PARAMETER) {
    1e7e:	81 34       	cpi	r24, 0x41	; 65
    1e80:	71 f4       	brne	.+28     	; 0x1e9e <main+0x9a>
      unsigned char which = getch();
    1e82:	7f d0       	rcall	.+254    	; 0x1f82 <getch>
    1e84:	18 2f       	mov	r17, r24
      verifySpace();
    1e86:	88 d0       	rcall	.+272    	; 0x1f98 <verifySpace>
      /*
       * Send optiboot version as "SW version"
       * Note that the references to memory are optimized away.
       */
      if (which == STK_SW_MINOR) {
	  putch(optiboot_version & 0xFF);
    1e88:	81 e0       	ldi	r24, 0x01	; 1
      verifySpace();
      /*
       * Send optiboot version as "SW version"
       * Note that the references to memory are optimized away.
       */
      if (which == STK_SW_MINOR) {
    1e8a:	12 38       	cpi	r17, 0x82	; 130
    1e8c:	21 f0       	breq	.+8      	; 0x1e96 <main+0x92>
	  putch(optiboot_version & 0xFF);
      } else if (which == STK_SW_MAJOR) {
	  putch(optiboot_version >> 8);
    1e8e:	88 e0       	ldi	r24, 0x08	; 8
       * Send optiboot version as "SW version"
       * Note that the references to memory are optimized away.
       */
      if (which == STK_SW_MINOR) {
	  putch(optiboot_version & 0xFF);
      } else if (which == STK_SW_MAJOR) {
    1e90:	11 38       	cpi	r17, 0x81	; 129
    1e92:	09 f0       	breq	.+2      	; 0x1e96 <main+0x92>
      } else {
	/*
	 * GET PARAMETER returns a generic 0x03 reply for
         * other parameters - enough to keep Avrdude happy
	 */
	putch(0x03);
    1e94:	83 e0       	ldi	r24, 0x03	; 3
    1e96:	71 d0       	rcall	.+226    	; 0x1f7a <putch>
    }
    else {
      // This covers the response to commands like STK_ENTER_PROGMODE
      verifySpace();
    }
    putch(STK_OK);
    1e98:	80 e1       	ldi	r24, 0x10	; 16
    1e9a:	6f d0       	rcall	.+222    	; 0x1f7a <putch>
#endif

  /* Forever loop: exits by causing WDT reset */
  for (;;) {
    /* get character from UART */
    ch = getch();
    1e9c:	ef cf       	rjmp	.-34     	; 0x1e7c <main+0x78>
         * other parameters - enough to keep Avrdude happy
	 */
	putch(0x03);
      }
    }
    else if(ch == STK_SET_DEVICE) {
    1e9e:	82 34       	cpi	r24, 0x42	; 66
    1ea0:	19 f4       	brne	.+6      	; 0x1ea8 <main+0xa4>
      // SET DEVICE is ignored
      getNch(20);
    1ea2:	84 e1       	ldi	r24, 0x14	; 20
    }
    else if(ch == STK_SET_DEVICE_EXT) {
      // SET DEVICE EXT is ignored
      getNch(5);
    1ea4:	81 d0       	rcall	.+258    	; 0x1fa8 <getNch>
    1ea6:	f8 cf       	rjmp	.-16     	; 0x1e98 <main+0x94>
    }
    else if(ch == STK_SET_DEVICE) {
      // SET DEVICE is ignored
      getNch(20);
    }
    else if(ch == STK_SET_DEVICE_EXT) {
    1ea8:	85 34       	cpi	r24, 0x45	; 69
    1eaa:	11 f4       	brne	.+4      	; 0x1eb0 <main+0xac>
      // SET DEVICE EXT is ignored
      getNch(5);
    1eac:	85 e0       	ldi	r24, 0x05	; 5
    1eae:	fa cf       	rjmp	.-12     	; 0x1ea4 <main+0xa0>
    }
    else if(ch == STK_LOAD_ADDRESS) {
    1eb0:	85 35       	cpi	r24, 0x55	; 85
    1eb2:	41 f4       	brne	.+16     	; 0x1ec4 <main+0xc0>
      // LOAD ADDRESS
      address.bytes[0] = getch();
    1eb4:	66 d0       	rcall	.+204    	; 0x1f82 <getch>
    1eb6:	c8 2f       	mov	r28, r24
      address.bytes[1] = getch();
    1eb8:	64 d0       	rcall	.+200    	; 0x1f82 <getch>
    1eba:	d8 2f       	mov	r29, r24
      }
      else {
        RAMPZ &= 0xFE;
      }
#endif
      address.word *= 2; // Convert from word address to byte address
    1ebc:	cc 0f       	add	r28, r28
    1ebe:	dd 1f       	adc	r29, r29
      watchdogConfig(WATCHDOG_16MS);
      verifySpace();
    }
    else {
      // This covers the response to commands like STK_ENTER_PROGMODE
      verifySpace();
    1ec0:	6b d0       	rcall	.+214    	; 0x1f98 <verifySpace>
    1ec2:	ea cf       	rjmp	.-44     	; 0x1e98 <main+0x94>
      }
#endif
      address.word *= 2; // Convert from word address to byte address
      verifySpace();
    }
    else if(ch == STK_UNIVERSAL) {
    1ec4:	86 35       	cpi	r24, 0x56	; 86
    1ec6:	21 f4       	brne	.+8      	; 0x1ed0 <main+0xcc>
        getNch(3);
        putch(0x00);
      }
#else
      // UNIVERSAL command is ignored
      getNch(4);
    1ec8:	84 e0       	ldi	r24, 0x04	; 4
    1eca:	6e d0       	rcall	.+220    	; 0x1fa8 <getNch>
      putch(0x00);
    1ecc:	80 e0       	ldi	r24, 0x00	; 0
    1ece:	e3 cf       	rjmp	.-58     	; 0x1e96 <main+0x92>
#endif
    }
    /* Write memory, length is big endian and is in bytes */
    else if(ch == STK_PROG_PAGE) {
    1ed0:	84 36       	cpi	r24, 0x64	; 100
    1ed2:	09 f0       	breq	.+2      	; 0x1ed6 <main+0xd2>
    1ed4:	33 c0       	rjmp	.+102    	; 0x1f3c <main+0x138>
      // PROGRAM PAGE - we support flash programming only, not EEPROM
      uint8_t desttype;
      uint8_t *bufPtr;
      pagelen_t savelength;

      GETLENGTH(length);
    1ed6:	55 d0       	rcall	.+170    	; 0x1f82 <getch>
    1ed8:	54 d0       	rcall	.+168    	; 0x1f82 <getch>
    1eda:	18 2f       	mov	r17, r24
      savelength = length;
      desttype = getch();
    1edc:	52 d0       	rcall	.+164    	; 0x1f82 <getch>
    1ede:	f8 2e       	mov	r15, r24
      // PROGRAM PAGE - we support flash programming only, not EEPROM
      uint8_t desttype;
      uint8_t *bufPtr;
      pagelen_t savelength;

      GETLENGTH(length);
    1ee0:	01 2f       	mov	r16, r17
      savelength = length;
      desttype = getch();

      // read a page worth of contents
      bufPtr = buff.bptr;
    1ee2:	80 e6       	ldi	r24, 0x60	; 96
    1ee4:	68 2e       	mov	r6, r24
    1ee6:	71 2c       	mov	r7, r1
      do *bufPtr++ = getch();
    1ee8:	43 01       	movw	r8, r6
    1eea:	8f ef       	ldi	r24, 0xFF	; 255
    1eec:	88 1a       	sub	r8, r24
    1eee:	98 0a       	sbc	r9, r24
    1ef0:	48 d0       	rcall	.+144    	; 0x1f82 <getch>
    1ef2:	f3 01       	movw	r30, r6
    1ef4:	80 83       	st	Z, r24
      while (--length);
    1ef6:	01 50       	subi	r16, 0x01	; 1
      savelength = length;
      desttype = getch();

      // read a page worth of contents
      bufPtr = buff.bptr;
      do *bufPtr++ = getch();
    1ef8:	34 01       	movw	r6, r8
      while (--length);
    1efa:	b1 f7       	brne	.-20     	; 0x1ee8 <main+0xe4>

      // Read command terminator, start reply
      verifySpace();
    1efc:	4d d0       	rcall	.+154    	; 0x1f98 <verifySpace>
 * void writebuffer(memtype, buffer, address, length)
 */
static inline void writebuffer(int8_t memtype, addr16_t mybuff,
			       addr16_t address, pagelen_t len)
{
    switch (memtype) {
    1efe:	f5 e4       	ldi	r31, 0x45	; 69
    1f00:	ff 12       	cpse	r15, r31
    1f02:	01 c0       	rjmp	.+2      	; 0x1f06 <main+0x102>
    1f04:	ff cf       	rjmp	.-2      	; 0x1f04 <main+0x100>
	     * and we needed the space back.
	     */
#ifdef FOURPAGEERASE
	    if ((address.bytes[0] & ((SPM_PAGESIZE<<2)-1))==0) {
#endif
	    __boot_page_erase_short(address.word);
    1f06:	fe 01       	movw	r30, r28
    1f08:	e7 be       	out	0x37, r14	; 55
    1f0a:	e8 95       	spm
	    boot_spm_busy_wait();
    1f0c:	07 b6       	in	r0, 0x37	; 55
    1f0e:	00 fc       	sbrc	r0, 0
    1f10:	fd cf       	rjmp	.-6      	; 0x1f0c <main+0x108>
	 * the default rather than checking for the correct code, we save
	 * space on chips that don't support any other memory types.
	 */
	{
	    // Copy buffer into programming buffer
	    uint16_t addrPtr = address.word;
    1f12:	fe 01       	movw	r30, r28
	     */
#ifdef FOURPAGEERASE
	    if ((address.bytes[0] & ((SPM_PAGESIZE<<2)-1))==0) {
#endif
	    __boot_page_erase_short(address.word);
	    boot_spm_busy_wait();
    1f14:	a0 e6       	ldi	r26, 0x60	; 96
    1f16:	b0 e0       	ldi	r27, 0x00	; 0

	    /*
	     * Copy data from the buffer into the flash write buffer.
	     */
	    do {
		__boot_page_fill_short((uint16_t)(void*)addrPtr, *(mybuff.wptr++));
    1f18:	8d 91       	ld	r24, X+
    1f1a:	9d 91       	ld	r25, X+
    1f1c:	0c 01       	movw	r0, r24
    1f1e:	d7 be       	out	0x37, r13	; 55
    1f20:	e8 95       	spm
    1f22:	11 24       	eor	r1, r1
		addrPtr += 2;
    1f24:	32 96       	adiw	r30, 0x02	; 2
	    } while (len -= 2);
    1f26:	12 50       	subi	r17, 0x02	; 2
    1f28:	b9 f7       	brne	.-18     	; 0x1f18 <main+0x114>

	    /*
	     * Actually Write the buffer to flash (and wait for it to finish.)
	     */
	    __boot_page_write_short(address.word);
    1f2a:	fe 01       	movw	r30, r28
    1f2c:	c7 be       	out	0x37, r12	; 55
    1f2e:	e8 95       	spm
	    boot_spm_busy_wait();
    1f30:	07 b6       	in	r0, 0x37	; 55
    1f32:	00 fc       	sbrc	r0, 0
    1f34:	fd cf       	rjmp	.-6      	; 0x1f30 <main+0x12c>
#if defined(RWWSRE)
	    // Reenable read access to flash
	    __boot_rww_enable_short();
    1f36:	b7 be       	out	0x37, r11	; 55
    1f38:	e8 95       	spm
    1f3a:	ae cf       	rjmp	.-164    	; 0x1e98 <main+0x94>
      writebuffer(desttype, buff, address, savelength);


    }
    /* Read memory block mode, length is big endian.  */
    else if(ch == STK_READ_PAGE) {
    1f3c:	84 37       	cpi	r24, 0x74	; 116
    1f3e:	71 f4       	brne	.+28     	; 0x1f5c <main+0x158>
      uint8_t desttype;
      GETLENGTH(length);
    1f40:	20 d0       	rcall	.+64     	; 0x1f82 <getch>
    1f42:	1f d0       	rcall	.+62     	; 0x1f82 <getch>
    1f44:	f8 2e       	mov	r15, r24

      desttype = getch();
    1f46:	1d d0       	rcall	.+58     	; 0x1f82 <getch>

      verifySpace();
    1f48:	27 d0       	rcall	.+78     	; 0x1f98 <verifySpace>
    1f4a:	8e 01       	movw	r16, r28
	    //      while (--length);
	    // read a Flash and increment the address (may increment RAMPZ)
	    __asm__ ("elpm %0,Z+\n" : "=r" (ch), "=z" (address.bptr): "1" (address));
#else
	    // read a Flash byte and increment the address
	    __asm__ ("lpm %0,Z+\n" : "=r" (ch), "=z" (address.bptr): "1" (address));
    1f4c:	f8 01       	movw	r30, r16
    1f4e:	85 91       	lpm	r24, Z+
    1f50:	8f 01       	movw	r16, r30
#endif
	    putch(ch);
    1f52:	13 d0       	rcall	.+38     	; 0x1f7a <putch>
	} while (--length);
    1f54:	fa 94       	dec	r15
    1f56:	f1 10       	cpse	r15, r1
    1f58:	f9 cf       	rjmp	.-14     	; 0x1f4c <main+0x148>
    1f5a:	9e cf       	rjmp	.-196    	; 0x1e98 <main+0x94>

      read_mem(desttype, address, length);
    }

    /* Get device signature bytes  */
    else if(ch == STK_READ_SIGN) {
    1f5c:	85 37       	cpi	r24, 0x75	; 117
    1f5e:	39 f4       	brne	.+14     	; 0x1f6e <main+0x16a>
      // READ SIGN - return what Avrdude wants to hear
      verifySpace();
    1f60:	1b d0       	rcall	.+54     	; 0x1f98 <verifySpace>
      putch(SIGNATURE_0);
    1f62:	8e e1       	ldi	r24, 0x1E	; 30
    1f64:	0a d0       	rcall	.+20     	; 0x1f7a <putch>
      putch(SIGNATURE_1);
    1f66:	83 e9       	ldi	r24, 0x93	; 147
    1f68:	08 d0       	rcall	.+16     	; 0x1f7a <putch>
      putch(SIGNATURE_2);
    1f6a:	87 e0       	ldi	r24, 0x07	; 7
    1f6c:	94 cf       	rjmp	.-216    	; 0x1e96 <main+0x92>
    }
    else if (ch == STK_LEAVE_PROGMODE) { /* 'Q' */
    1f6e:	81 35       	cpi	r24, 0x51	; 81
    1f70:	09 f0       	breq	.+2      	; 0x1f74 <main+0x170>
    1f72:	a6 cf       	rjmp	.-180    	; 0x1ec0 <main+0xbc>
      // Adaboot no-wait mod
      watchdogConfig(WATCHDOG_16MS);
    1f74:	88 e0       	ldi	r24, 0x08	; 8
    1f76:	0c d0       	rcall	.+24     	; 0x1f90 <watchdogConfig>
    1f78:	a3 cf       	rjmp	.-186    	; 0x1ec0 <main+0xbc>

00001f7a <putch>:
}

void putch(char ch) {
#ifndef SOFT_UART
  #ifndef LIN_UART
    while (!(UART_SRA & _BV(UDRE0))) {  /* Spin */ }
    1f7a:	5d 9b       	sbis	0x0b, 5	; 11
    1f7c:	fe cf       	rjmp	.-4      	; 0x1f7a <putch>
  #else
    while (!(LINSIR & _BV(LTXOK)))   {  /* Spin */ }
  #endif

  UART_UDR = ch;
    1f7e:	8c b9       	out	0x0c, r24	; 12
      [uartBit] "I" (UART_TX_BIT)
    :
      "r25"
  );
#endif
}
    1f80:	08 95       	ret

00001f82 <getch>:
    :
      "r25"
);
#else
#ifndef LIN_UART
  while(!(UART_SRA & _BV(RXC0)))  {  /* Spin */ }
    1f82:	5f 9b       	sbis	0x0b, 7	; 11
    1f84:	fe cf       	rjmp	.-4      	; 0x1f82 <getch>
  if (!(UART_SRA & _BV(FE0))) {
    1f86:	5c 99       	sbic	0x0b, 4	; 11
    1f88:	01 c0       	rjmp	.+2      	; 0x1f8c <getch+0xa>
}
#endif

// Watchdog functions. These are only safe with interrupts turned off.
void watchdogReset() {
  __asm__ __volatile__ (
    1f8a:	a8 95       	wdr
       * don't care that an invalid char is returned...)
       */
    watchdogReset();
  }

  ch = UART_UDR;
    1f8c:	8c b1       	in	r24, 0x0c	; 12
  LED_PIN |= _BV(LED);
#endif
#endif

  return ch;
}
    1f8e:	08 95       	ret

00001f90 <watchdogConfig>:
}

void watchdogConfig(uint8_t x) {
#ifdef WDCE //does it have a Watchdog Change Enable?
 #ifdef WDTCSR
  WDTCSR = _BV(WDCE) | _BV(WDE);
    1f90:	98 e1       	ldi	r25, 0x18	; 24
    1f92:	91 bd       	out	0x21, r25	; 33
#else //then it must be one of those newfangled ones that use CCP
  CCP=0xD8; //so write this magic number to CCP
#endif 

#ifdef WDTCSR
  WDTCSR = x;
    1f94:	81 bd       	out	0x21, r24	; 33
#else
  WDTCR= x;
#endif
}
    1f96:	08 95       	ret

00001f98 <verifySpace>:
  do getch(); while (--count);
  verifySpace();
}

void verifySpace() {
  if (getch() != CRC_EOP) {
    1f98:	f4 df       	rcall	.-24     	; 0x1f82 <getch>
    1f9a:	80 32       	cpi	r24, 0x20	; 32
    1f9c:	19 f0       	breq	.+6      	; 0x1fa4 <verifySpace+0xc>
    watchdogConfig(WATCHDOG_16MS);    // shorten WD timeout
    1f9e:	88 e0       	ldi	r24, 0x08	; 8
    1fa0:	f7 df       	rcall	.-18     	; 0x1f90 <watchdogConfig>
    1fa2:	ff cf       	rjmp	.-2      	; 0x1fa2 <verifySpace+0xa>
    while (1)			      // and busy-loop so that WD causes
      ;				      //  a reset and app start.
  }
  putch(STK_INSYNC);
    1fa4:	84 e1       	ldi	r24, 0x14	; 20
    1fa6:	e9 cf       	rjmp	.-46     	; 0x1f7a <putch>

00001fa8 <getNch>:
    ::[count] "M" (UART_B_VALUE)
  );
}
#endif

void getNch(uint8_t count) {
    1fa8:	cf 93       	push	r28
    1faa:	c8 2f       	mov	r28, r24
  do getch(); while (--count);
    1fac:	ea df       	rcall	.-44     	; 0x1f82 <getch>
    1fae:	c1 50       	subi	r28, 0x01	; 1
    1fb0:	e9 f7       	brne	.-6      	; 0x1fac <getNch+0x4>
  verifySpace();
}
    1fb2:	cf 91       	pop	r28
}
#endif

void getNch(uint8_t count) {
  do getch(); while (--count);
  verifySpace();
    1fb4:	f1 cf       	rjmp	.-30     	; 0x1f98 <verifySpace>

00001fb6 <do_spm>:
 *   data=0 in WRITE
 */
static void do_spm(uint16_t address, uint8_t command, uint16_t data)  __attribute__ ((used));
static void do_spm(uint16_t address, uint8_t command, uint16_t data) {
    // Do spm stuff
    asm volatile (
    1fb6:	fc 01       	movw	r30, r24
    1fb8:	0a 01       	movw	r0, r20
    1fba:	67 bf       	out	0x37, r22	; 55
    1fbc:	e8 95       	spm
    1fbe:	11 24       	eor	r1, r1
    );

    // wait for spm to complete
    //   it doesn't have much sense for __BOOT_PAGE_FILL,
    //   but it doesn't hurt and saves some bytes on 'if'
    boot_spm_busy_wait();
    1fc0:	07 b6       	in	r0, 0x37	; 55
    1fc2:	00 fc       	sbrc	r0, 0
    1fc4:	fd cf       	rjmp	.-6      	; 0x1fc0 <do_spm+0xa>
#if defined(RWWSRE)
    // this 'if' condition should be: (command == __BOOT_PAGE_WRITE || command == __BOOT_PAGE_ERASE)...
    // but it's tweaked a little assuming that in every command we are interested in here, there
    // must be also SELFPRGEN set. If we skip checking this bit, we save here 4B
    if ((command & (_BV(PGWRT)|_BV(PGERS))) && (data == 0) ) {
    1fc6:	66 70       	andi	r22, 0x06	; 6
    1fc8:	29 f0       	breq	.+10     	; 0x1fd4 <do_spm+0x1e>
    1fca:	45 2b       	or	r20, r21
    1fcc:	19 f4       	brne	.+6      	; 0x1fd4 <do_spm+0x1e>
      // Reenable read access to flash
      __boot_rww_enable_short();
    1fce:	81 e1       	ldi	r24, 0x11	; 17
    1fd0:	87 bf       	out	0x37, r24	; 55
    1fd2:	e8 95       	spm
    }
#endif
}
    1fd4:	08 95       	ret
